// Jest Snapshot v1, https://goo.gl/fbAQLP

exports[`rendering tests rendering correctly 1`] = `
ShallowWrapper {
  "complexSelector": ComplexSelector {
    "buildPredicate": [Function],
    "childrenOfNode": [Function],
    "findWhereUnwrapped": [Function],
  },
  "length": 1,
  "node": <footer
    className="footer"
>
    <div
        className="container"
    >
        <p
            className="text-muted"
        >
            Place sticky footer content here.
        </p>
    </div>
</footer>,
  "nodes": Array [
    <footer
      className="footer"
>
      <div
            className="container"
      >
            <p
                  className="text-muted"
            >
                  Place sticky footer content here.
            </p>
      </div>
</footer>,
  ],
  "options": Object {},
  "renderer": ReactShallowRenderer {
    "_instance": ShallowComponentWrapper {
      "_calledComponentWillUnmount": false,
      "_compositeType": 2,
      "_context": Object {},
      "_currentElement": <Footer />,
      "_debugID": 1,
      "_hostContainerInfo": null,
      "_hostParent": null,
      "_instance": StatelessComponent {
        "_reactInternalInstance": [Circular],
        "context": Object {},
        "props": Object {},
        "refs": Object {},
        "state": null,
        "updater": Object {
          "enqueueCallback": [Function],
          "enqueueCallbackInternal": [Function],
          "enqueueElementInternal": [Function],
          "enqueueForceUpdate": [Function],
          "enqueueReplaceState": [Function],
          "enqueueSetState": [Function],
          "isMounted": [Function],
          "validateCallback": [Function],
        },
      },
      "_mountOrder": 1,
      "_pendingCallbacks": null,
      "_pendingElement": null,
      "_pendingForceUpdate": false,
      "_pendingReplaceState": false,
      "_pendingStateQueue": null,
      "_renderedComponent": NoopInternalComponent {
        "_currentElement": <footer
          className="footer"
>
          <div
                    className="container"
          >
                    <p
                              className="text-muted"
                    >
                              Place sticky footer content here.
                    </p>
          </div>
</footer>,
        "_debugID": 2,
        "_renderedOutput": <footer
          className="footer"
>
          <div
                    className="container"
          >
                    <p
                              className="text-muted"
                    >
                              Place sticky footer content here.
                    </p>
          </div>
</footer>,
      },
      "_renderedNodeType": 0,
      "_rootNodeID": 0,
      "_topLevelWrapper": null,
      "_updateBatchNumber": null,
      "_warnedAboutRefsInRender": false,
    },
    "getRenderOutput": [Function],
    "render": [Function],
  },
  "root": [Circular],
  "unrendered": <Footer />,
}
`;
